// Jest Snapshot v1, https://goo.gl/fbAQLP

exports[`ErrorPage matches snapshot when error is provided 1`] = `
<div>
  <div
    class="container"
    data-testid="error-page-container"
  >
    <div
      class="header"
      data-testid="error-header-container"
    >
      <button
        class="button"
        data-testid="button-with-icon-container"
        id=":r6:"
        type="button"
      >
        <div
          class="content"
          data-testid="button-with-icon-label-container"
        >
          <svg
            aria-hidden="true"
            class="svg-inline--fa fa-arrow-left icon"
            data-icon="arrow-left"
            data-prefix="fas"
            data-testid="button-with-icon-icon"
            focusable="false"
            role="img"
            viewBox="0 0 448 512"
            xmlns="http://www.w3.org/2000/svg"
          >
            <path
              d="M9.4 233.4c-12.5 12.5-12.5 32.8 0 45.3l160 160c12.5 12.5 32.8 12.5 45.3 0s12.5-32.8 0-45.3L109.2 288 416 288c17.7 0 32-14.3 32-32s-14.3-32-32-32l-306.7 0L214.6 118.6c12.5-12.5 12.5-32.8 0-45.3s-32.8-12.5-45.3 0l-160 160z"
              fill="currentColor"
            />
          </svg>
        </div>
      </button>
      <h1
        class="heading"
        data-testid="error-heading"
      >
        Oops... Something went wrong
      </h1>
    </div>
    <details
      class="description"
      data-testid="error-details"
    >
      <summary
        class="message"
        data-testid="error-details-message"
      >
        SnapshotError
         - 
        Snapshot error
      </summary>
      <pre
        class="stack"
        data-testid="error-details-stack"
      >
        Snapshot stack trace
      </pre>
    </details>
  </div>
</div>
`;
